Sending query: Create an optimized prompt for summarizing complex academic papers into layman's terms.
Error: 
